
> course-website@0.1.0 dev
> vite --host 127.0.0.1


  [32m[1mVITE[22m v6.3.5[39m  [2mready in [0m[1m347[22m[2m[0m ms[22m

  [32m➜[39m  [1mLocal[22m:   [36mhttp://127.0.0.1:[1m3000[22m/[39m
[2m1:44:40 PM[22m [36m[1m[vite][22m[39m [90m[2m(client)[22m[39m [32mhmr update [39m[2m/src/contexts/AuthContext.tsx, /src/contexts/CartContext.tsx, /src/contexts/NotificationContext.tsx, /src/components/auth/AuthModal.tsx, /src/components/AiLearningPathDialog.tsx[22m
[2m1:44:40 PM[22m [36m[1m[vite][22m[39m [90m[2m(client)[22m[39m [33mhmr invalidate [39m[2m/src/contexts/AuthContext.tsx[22m Could not Fast Refresh ("PERMISSIONS" export is incompatible). Learn more at https://github.com/vitejs/vite-plugin-react/tree/main/packages/plugin-react-swc#consistent-components-exports
[2m1:44:40 PM[22m [36m[1m[vite][22m[39m [90m[2m(client)[22m[39m [32mhmr update [39m[2m/src/App.tsx, /src/contexts/EnrollmentContext.tsx, /src/contexts/LearningProgressContext.tsx, /src/contexts/NotificationContext.tsx, /src/contexts/ReviewsContext.tsx, /src/contexts/FollowContext.tsx, /src/components/Header.tsx, /src/components/AiLearningPathLauncher.tsx, /src/components/BottomNav.tsx, /src/components/auth/AuthModal.tsx, /src/contexts/ChatContext.tsx, /src/components/ChatWidget.tsx, /src/components/community/CommunityLayout.tsx, /src/components/GlobalSearch.tsx, /src/components/NotificationSidebar.tsx, /src/components/GoogleLoginButton.tsx, /src/components/AiLearningPathDialog.tsx, /src/components/auth/RequireAuth.tsx, /src/features/home/DynamicHomeRenderer.tsx, /src/components/FeaturedCourses.tsx, /src/components/UserDashboardSidebar.tsx, /src/components/AdminHeader.tsx, /src/components/InstructorHeader.tsx, /src/components/DashboardSidebar.tsx, /src/components/HeroSection.tsx, /src/components/CourseCard.tsx[22m
[2m1:44:40 PM[22m [36m[1m[vite][22m[39m [90m[2m(client)[22m[39m [33mhmr invalidate [39m[2m/src/contexts/CartContext.tsx[22m Could not Fast Refresh ("useCart" export is incompatible). Learn more at https://github.com/vitejs/vite-plugin-react/tree/main/packages/plugin-react-swc#consistent-components-exports
[2m1:44:40 PM[22m [36m[1m[vite][22m[39m [90m[2m(client)[22m[39m [32mhmr update [39m[2m/src/App.tsx, /src/components/BottomNav.tsx, /src/components/CartSidebar.tsx, /src/components/AiLearningPathDialog.tsx, /src/components/CourseCard.tsx[22m
[2m1:44:40 PM[22m [36m[1m[vite][22m[39m [90m[2m(client)[22m[39m [33mhmr invalidate [39m[2m/src/contexts/NotificationContext.tsx[22m Could not Fast Refresh ("useNotifications" export is incompatible). Learn more at https://github.com/vitejs/vite-plugin-react/tree/main/packages/plugin-react-swc#consistent-components-exports
[2m1:44:40 PM[22m [36m[1m[vite][22m[39m [90m[2m(client)[22m[39m [32mhmr update [39m[2m/src/App.tsx, /src/components/NotificationSidebar.tsx, /src/components/InstructorHeader.tsx[22m
[2m1:44:40 PM[22m [36m[1m[vite][22m[39m [90m[2m(client)[22m[39m [33mhmr invalidate [39m[2m/src/contexts/EnrollmentContext.tsx[22m Could not Fast Refresh ("useEnrollment" export is incompatible). Learn more at https://github.com/vitejs/vite-plugin-react/tree/main/packages/plugin-react-swc#consistent-components-exports
[2m1:44:40 PM[22m [36m[1m[vite][22m[39m [90m[2m(client)[22m[39m [32mhmr update [39m[2m/src/App.tsx, /src/contexts/LearningProgressContext.tsx[22m
[2m1:44:40 PM[22m [36m[1m[vite][22m[39m [90m[2m(client)[22m[39m [33mhmr invalidate [39m[2m/src/contexts/LearningProgressContext.tsx[22m Could not Fast Refresh ("useLearningProgress" export is incompatible). Learn more at https://github.com/vitejs/vite-plugin-react/tree/main/packages/plugin-react-swc#consistent-components-exports
[2m1:44:40 PM[22m [36m[1m[vite][22m[39m [90m[2m(client)[22m[39m [32mhmr update [39m[2m/src/App.tsx[22m
[2m1:44:40 PM[22m [36m[1m[vite][22m[39m [90m[2m(client)[22m[39m [33mhmr invalidate [39m[2m/src/contexts/ReviewsContext.tsx[22m Could not Fast Refresh ("useReviews" export is incompatible). Learn more at https://github.com/vitejs/vite-plugin-react/tree/main/packages/plugin-react-swc#consistent-components-exports
[2m1:44:40 PM[22m [36m[1m[vite][22m[39m [90m[2m(client)[22m[39m [32mhmr update [39m[2m/src/App.tsx[22m
[2m1:44:40 PM[22m [36m[1m[vite][22m[39m [90m[2m(client)[22m[39m [33mhmr invalidate [39m[2m/src/contexts/FollowContext.tsx[22m Could not Fast Refresh ("useFollow" export is incompatible). Learn more at https://github.com/vitejs/vite-plugin-react/tree/main/packages/plugin-react-swc#consistent-components-exports
[2m1:44:40 PM[22m [36m[1m[vite][22m[39m [90m[2m(client)[22m[39m [32mhmr update [39m[2m/src/App.tsx[22m
[2m1:44:40 PM[22m [36m[1m[vite][22m[39m [90m[2m(client)[22m[39m [33mhmr invalidate [39m[2m/src/components/AiLearningPathLauncher.tsx[22m Could not Fast Refresh ("onAiLearningPathSaved" export is incompatible). Learn more at https://github.com/vitejs/vite-plugin-react/tree/main/packages/plugin-react-swc#consistent-components-exports
[2m1:44:40 PM[22m [36m[1m[vite][22m[39m [90m[2m(client)[22m[39m [32mhmr update [39m[2m/src/App.tsx, /src/components/HeroSection.tsx[22m
[2m1:44:40 PM[22m [36m[1m[vite][22m[39m [90m[2m(client)[22m[39m [33mhmr invalidate [39m[2m/src/contexts/ChatContext.tsx[22m Could not Fast Refresh ("useChat" export is incompatible). Learn more at https://github.com/vitejs/vite-plugin-react/tree/main/packages/plugin-react-swc#consistent-components-exports
[2m1:44:40 PM[22m [36m[1m[vite][22m[39m [90m[2m(client)[22m[39m [32mhmr update [39m[2m/src/App.tsx, /src/components/Header.tsx, /src/components/ChatWidget.tsx[22m
[2m1:45:43 PM[22m [36m[1m[vite][22m[39m [90m[2m(client)[22m[39m [32mhmr update [39m[2m/src/routes/public.routes.tsx[22m
[2m1:45:43 PM[22m [36m[1m[vite][22m[39m [90m[2m(client)[22m[39m [33mhmr invalidate [39m[2m/src/routes/public.routes.tsx[22m Could not Fast Refresh ("publicRoutes" export is incompatible). Learn more at https://github.com/vitejs/vite-plugin-react/tree/main/packages/plugin-react-swc#consistent-components-exports
[2m1:45:43 PM[22m [36m[1m[vite][22m[39m [90m[2m(client)[22m[39m [32mhmr update [39m[2m/src/routes/index.tsx[22m
[2m1:45:48 PM[22m [36m[1m[vite][22m[39m [90m[2m(client)[22m[39m [32mhmr update [39m[2m/src/routes/public.routes.tsx[22m
[2m1:45:48 PM[22m [36m[1m[vite][22m[39m [90m[2m(client)[22m[39m [33mhmr invalidate [39m[2m/src/routes/public.routes.tsx[22m Could not Fast Refresh ("publicRoutes" export is incompatible). Learn more at https://github.com/vitejs/vite-plugin-react/tree/main/packages/plugin-react-swc#consistent-components-exports
[2m1:45:48 PM[22m [36m[1m[vite][22m[39m [90m[2m(client)[22m[39m [32mhmr update [39m[2m/src/routes/index.tsx[22m
[2m1:46:09 PM[22m [36m[1m[vite][22m[39m [90m[2m(client)[22m[39m [32mhmr update [39m[2m/src/App.tsx, /src/contexts/CartContext.tsx[22m
[2m1:46:09 PM[22m [36m[1m[vite][22m[39m [90m[2m(client)[22m[39m [33mhmr invalidate [39m[2m/src/contexts/CartContext.tsx[22m Could not Fast Refresh ("useCart" export is incompatible). Learn more at https://github.com/vitejs/vite-plugin-react/tree/main/packages/plugin-react-swc#consistent-components-exports
[2m1:46:09 PM[22m [36m[1m[vite][22m[39m [90m[2m(client)[22m[39m [32mhmr update [39m[2m/src/App.tsx, /src/components/BottomNav.tsx, /src/components/CartSidebar.tsx, /src/components/AiLearningPathDialog.tsx, /src/components/CourseCard.tsx[22m
[2m1:46:20 PM[22m [36m[1m[vite][22m[39m [90m[2m(client)[22m[39m [32mhmr update [39m[2m/src/App.tsx, /src/contexts/CartContext.tsx[22m
[2m1:46:20 PM[22m [36m[1m[vite][22m[39m [90m[2m(client)[22m[39m [33mhmr invalidate [39m[2m/src/contexts/CartContext.tsx[22m Could not Fast Refresh ("useCart" export is incompatible). Learn more at https://github.com/vitejs/vite-plugin-react/tree/main/packages/plugin-react-swc#consistent-components-exports
[2m1:46:20 PM[22m [36m[1m[vite][22m[39m [90m[2m(client)[22m[39m [32mhmr update [39m[2m/src/App.tsx, /src/components/BottomNav.tsx, /src/components/CartSidebar.tsx, /src/components/AiLearningPathDialog.tsx, /src/components/CourseCard.tsx[22m
[2m1:46:28 PM[22m [36m[1m[vite][22m[39m [90m[2m(client)[22m[39m [32mhmr update [39m[2m/src/App.tsx, /src/contexts/CartContext.tsx[22m
[2m1:46:28 PM[22m [36m[1m[vite][22m[39m [90m[2m(client)[22m[39m [33mhmr invalidate [39m[2m/src/contexts/CartContext.tsx[22m Could not Fast Refresh ("useCart" export is incompatible). Learn more at https://github.com/vitejs/vite-plugin-react/tree/main/packages/plugin-react-swc#consistent-components-exports
[2m1:46:28 PM[22m [36m[1m[vite][22m[39m [90m[2m(client)[22m[39m [32mhmr update [39m[2m/src/App.tsx, /src/components/BottomNav.tsx, /src/components/CartSidebar.tsx, /src/components/AiLearningPathDialog.tsx, /src/components/CourseCard.tsx[22m
[2m1:46:30 PM[22m [36m[1m[vite][22m[39m [90m[2m(client)[22m[39m [32mhmr update [39m[2m/src/App.tsx, /src/contexts/CartContext.tsx[22m
[2m1:46:30 PM[22m [36m[1m[vite][22m[39m [90m[2m(client)[22m[39m [33mhmr invalidate [39m[2m/src/contexts/CartContext.tsx[22m Could not Fast Refresh ("useCart" export is incompatible). Learn more at https://github.com/vitejs/vite-plugin-react/tree/main/packages/plugin-react-swc#consistent-components-exports
[2m1:46:30 PM[22m [36m[1m[vite][22m[39m [90m[2m(client)[22m[39m [32mhmr update [39m[2m/src/App.tsx, /src/components/BottomNav.tsx, /src/components/CartSidebar.tsx, /src/components/AiLearningPathDialog.tsx, /src/components/CourseCard.tsx[22m
[2m1:56:45 PM[22m [36m[1m[vite][22m[39m [90m[2m(client)[22m[39m [32mhmr update [39m[2m/src/App.tsx, /src/contexts/CartContext.tsx[22m
[2m1:56:45 PM[22m [36m[1m[vite][22m[39m [90m[2m(client)[22m[39m [33mhmr invalidate [39m[2m/src/contexts/CartContext.tsx[22m Could not Fast Refresh ("useCart" export is incompatible). Learn more at https://github.com/vitejs/vite-plugin-react/tree/main/packages/plugin-react-swc#consistent-components-exports
[2m1:56:45 PM[22m [36m[1m[vite][22m[39m [90m[2m(client)[22m[39m [32mhmr update [39m[2m/src/App.tsx, /src/components/BottomNav.tsx, /src/components/CartSidebar.tsx, /src/components/AiLearningPathDialog.tsx, /src/components/CourseCard.tsx[22m
[2m1:57:01 PM[22m [36m[1m[vite][22m[39m [90m[2m(client)[22m[39m [32mhmr update [39m[2m/src/App.tsx, /src/contexts/CartContext.tsx[22m
[2m1:57:01 PM[22m [36m[1m[vite][22m[39m [90m[2m(client)[22m[39m [33mhmr invalidate [39m[2m/src/contexts/CartContext.tsx[22m Could not Fast Refresh ("useCart" export is incompatible). Learn more at https://github.com/vitejs/vite-plugin-react/tree/main/packages/plugin-react-swc#consistent-components-exports
[2m1:57:01 PM[22m [36m[1m[vite][22m[39m [90m[2m(client)[22m[39m [32mhmr update [39m[2m/src/App.tsx, /src/components/BottomNav.tsx, /src/components/CartSidebar.tsx, /src/components/AiLearningPathDialog.tsx, /src/components/CourseCard.tsx[22m
[2m1:57:27 PM[22m [36m[1m[vite][22m[39m [90m[2m(client)[22m[39m [32mhmr update [39m[2m/src/contexts/AuthContext.tsx, /src/contexts/CartContext.tsx, /src/contexts/NotificationContext.tsx, /src/components/auth/AuthModal.tsx, /src/components/AiLearningPathDialog.tsx[22m
[2m1:57:27 PM[22m [36m[1m[vite][22m[39m [90m[2m(client)[22m[39m [33mhmr invalidate [39m[2m/src/contexts/AuthContext.tsx[22m Could not Fast Refresh ("PERMISSIONS" export is incompatible). Learn more at https://github.com/vitejs/vite-plugin-react/tree/main/packages/plugin-react-swc#consistent-components-exports
[2m1:57:27 PM[22m [36m[1m[vite][22m[39m [90m[2m(client)[22m[39m [32mhmr update [39m[2m/src/App.tsx, /src/contexts/EnrollmentContext.tsx, /src/contexts/LearningProgressContext.tsx, /src/contexts/NotificationContext.tsx, /src/contexts/ReviewsContext.tsx, /src/contexts/FollowContext.tsx, /src/components/Header.tsx, /src/components/AiLearningPathLauncher.tsx, /src/components/BottomNav.tsx, /src/components/auth/AuthModal.tsx, /src/contexts/ChatContext.tsx, /src/components/ChatWidget.tsx, /src/components/community/CommunityLayout.tsx, /src/components/GlobalSearch.tsx, /src/components/NotificationSidebar.tsx, /src/components/GoogleLoginButton.tsx, /src/components/AiLearningPathDialog.tsx, /src/components/auth/RequireAuth.tsx, /src/features/home/DynamicHomeRenderer.tsx, /src/components/FeaturedCourses.tsx, /src/components/UserDashboardSidebar.tsx, /src/components/AdminHeader.tsx, /src/components/InstructorHeader.tsx, /src/components/DashboardSidebar.tsx, /src/components/HeroSection.tsx, /src/components/CourseCard.tsx[22m
[2m1:57:27 PM[22m [36m[1m[vite][22m[39m [90m[2m(client)[22m[39m [33mhmr invalidate [39m[2m/src/contexts/CartContext.tsx[22m Could not Fast Refresh ("useCart" export is incompatible). Learn more at https://github.com/vitejs/vite-plugin-react/tree/main/packages/plugin-react-swc#consistent-components-exports
[2m1:57:27 PM[22m [36m[1m[vite][22m[39m [90m[2m(client)[22m[39m [32mhmr update [39m[2m/src/App.tsx, /src/components/BottomNav.tsx, /src/components/CartSidebar.tsx, /src/components/AiLearningPathDialog.tsx, /src/components/CourseCard.tsx[22m
[2m1:57:27 PM[22m [36m[1m[vite][22m[39m [90m[2m(client)[22m[39m [33mhmr invalidate [39m[2m/src/contexts/NotificationContext.tsx[22m Could not Fast Refresh ("useNotifications" export is incompatible). Learn more at https://github.com/vitejs/vite-plugin-react/tree/main/packages/plugin-react-swc#consistent-components-exports
[2m1:57:27 PM[22m [36m[1m[vite][22m[39m [90m[2m(client)[22m[39m [32mhmr update [39m[2m/src/App.tsx, /src/components/NotificationSidebar.tsx, /src/components/InstructorHeader.tsx[22m
[2m1:57:27 PM[22m [36m[1m[vite][22m[39m [90m[2m(client)[22m[39m [33mhmr invalidate [39m[2m/src/contexts/EnrollmentContext.tsx[22m Could not Fast Refresh ("useEnrollment" export is incompatible). Learn more at https://github.com/vitejs/vite-plugin-react/tree/main/packages/plugin-react-swc#consistent-components-exports
[2m1:57:27 PM[22m [36m[1m[vite][22m[39m [90m[2m(client)[22m[39m [32mhmr update [39m[2m/src/App.tsx, /src/contexts/LearningProgressContext.tsx[22m
[2m1:57:27 PM[22m [36m[1m[vite][22m[39m [90m[2m(client)[22m[39m [33mhmr invalidate [39m[2m/src/contexts/LearningProgressContext.tsx[22m Could not Fast Refresh ("useLearningProgress" export is incompatible). Learn more at https://github.com/vitejs/vite-plugin-react/tree/main/packages/plugin-react-swc#consistent-components-exports
[2m1:57:27 PM[22m [36m[1m[vite][22m[39m [90m[2m(client)[22m[39m [32mhmr update [39m[2m/src/App.tsx[22m
[2m1:57:27 PM[22m [36m[1m[vite][22m[39m [90m[2m(client)[22m[39m [33mhmr invalidate [39m[2m/src/contexts/ReviewsContext.tsx[22m Could not Fast Refresh ("useReviews" export is incompatible). Learn more at https://github.com/vitejs/vite-plugin-react/tree/main/packages/plugin-react-swc#consistent-components-exports
[2m1:57:27 PM[22m [36m[1m[vite][22m[39m [90m[2m(client)[22m[39m [32mhmr update [39m[2m/src/App.tsx[22m
[2m1:57:27 PM[22m [36m[1m[vite][22m[39m [90m[2m(client)[22m[39m [33mhmr invalidate [39m[2m/src/contexts/FollowContext.tsx[22m Could not Fast Refresh ("useFollow" export is incompatible). Learn more at https://github.com/vitejs/vite-plugin-react/tree/main/packages/plugin-react-swc#consistent-components-exports
[2m1:57:27 PM[22m [36m[1m[vite][22m[39m [90m[2m(client)[22m[39m [32mhmr update [39m[2m/src/App.tsx[22m
[2m1:57:27 PM[22m [36m[1m[vite][22m[39m [90m[2m(client)[22m[39m [33mhmr invalidate [39m[2m/src/components/AiLearningPathLauncher.tsx[22m Could not Fast Refresh ("onAiLearningPathSaved" export is incompatible). Learn more at https://github.com/vitejs/vite-plugin-react/tree/main/packages/plugin-react-swc#consistent-components-exports
[2m1:57:27 PM[22m [36m[1m[vite][22m[39m [90m[2m(client)[22m[39m [32mhmr update [39m[2m/src/App.tsx, /src/components/HeroSection.tsx[22m
[2m1:57:27 PM[22m [36m[1m[vite][22m[39m [90m[2m(client)[22m[39m [33mhmr invalidate [39m[2m/src/contexts/ChatContext.tsx[22m Could not Fast Refresh ("useChat" export is incompatible). Learn more at https://github.com/vitejs/vite-plugin-react/tree/main/packages/plugin-react-swc#consistent-components-exports
[2m1:57:27 PM[22m [36m[1m[vite][22m[39m [90m[2m(client)[22m[39m [32mhmr update [39m[2m/src/App.tsx, /src/components/Header.tsx, /src/components/ChatWidget.tsx[22m
[2m1:57:32 PM[22m [36m[1m[vite][22m[39m [90m[2m(client)[22m[39m [32mhmr update [39m[2m/src/contexts/AuthContext.tsx, /src/contexts/CartContext.tsx, /src/contexts/NotificationContext.tsx, /src/components/auth/AuthModal.tsx, /src/components/AiLearningPathDialog.tsx[22m
[2m1:57:32 PM[22m [36m[1m[vite][22m[39m [90m[2m(client)[22m[39m [33mhmr invalidate [39m[2m/src/contexts/AuthContext.tsx[22m Could not Fast Refresh ("PERMISSIONS" export is incompatible). Learn more at https://github.com/vitejs/vite-plugin-react/tree/main/packages/plugin-react-swc#consistent-components-exports
[2m1:57:32 PM[22m [36m[1m[vite][22m[39m [90m[2m(client)[22m[39m [32mhmr update [39m[2m/src/App.tsx, /src/contexts/EnrollmentContext.tsx, /src/contexts/LearningProgressContext.tsx, /src/contexts/NotificationContext.tsx, /src/contexts/ReviewsContext.tsx, /src/contexts/FollowContext.tsx, /src/components/Header.tsx, /src/components/AiLearningPathLauncher.tsx, /src/components/BottomNav.tsx, /src/components/auth/AuthModal.tsx, /src/contexts/ChatContext.tsx, /src/components/ChatWidget.tsx, /src/components/community/CommunityLayout.tsx, /src/components/GlobalSearch.tsx, /src/components/NotificationSidebar.tsx, /src/components/GoogleLoginButton.tsx, /src/components/AiLearningPathDialog.tsx, /src/components/auth/RequireAuth.tsx, /src/features/home/DynamicHomeRenderer.tsx, /src/components/FeaturedCourses.tsx, /src/components/UserDashboardSidebar.tsx, /src/components/AdminHeader.tsx, /src/components/InstructorHeader.tsx, /src/components/DashboardSidebar.tsx, /src/components/HeroSection.tsx, /src/components/CourseCard.tsx[22m
[2m1:57:32 PM[22m [36m[1m[vite][22m[39m [90m[2m(client)[22m[39m [33mhmr invalidate [39m[2m/src/contexts/CartContext.tsx[22m Could not Fast Refresh ("useCart" export is incompatible). Learn more at https://github.com/vitejs/vite-plugin-react/tree/main/packages/plugin-react-swc#consistent-components-exports
[2m1:57:32 PM[22m [36m[1m[vite][22m[39m [90m[2m(client)[22m[39m [32mhmr update [39m[2m/src/App.tsx, /src/components/BottomNav.tsx, /src/components/CartSidebar.tsx, /src/components/AiLearningPathDialog.tsx, /src/components/CourseCard.tsx[22m
[2m1:57:32 PM[22m [36m[1m[vite][22m[39m [90m[2m(client)[22m[39m [33mhmr invalidate [39m[2m/src/contexts/NotificationContext.tsx[22m Could not Fast Refresh ("useNotifications" export is incompatible). Learn more at https://github.com/vitejs/vite-plugin-react/tree/main/packages/plugin-react-swc#consistent-components-exports
[2m1:57:32 PM[22m [36m[1m[vite][22m[39m [90m[2m(client)[22m[39m [32mhmr update [39m[2m/src/App.tsx, /src/components/NotificationSidebar.tsx, /src/components/InstructorHeader.tsx[22m
[2m1:57:32 PM[22m [36m[1m[vite][22m[39m [90m[2m(client)[22m[39m [33mhmr invalidate [39m[2m/src/contexts/EnrollmentContext.tsx[22m Could not Fast Refresh ("useEnrollment" export is incompatible). Learn more at https://github.com/vitejs/vite-plugin-react/tree/main/packages/plugin-react-swc#consistent-components-exports
[2m1:57:32 PM[22m [36m[1m[vite][22m[39m [90m[2m(client)[22m[39m [32mhmr update [39m[2m/src/App.tsx, /src/contexts/LearningProgressContext.tsx[22m
[2m1:57:32 PM[22m [36m[1m[vite][22m[39m [90m[2m(client)[22m[39m [33mhmr invalidate [39m[2m/src/contexts/LearningProgressContext.tsx[22m Could not Fast Refresh ("useLearningProgress" export is incompatible). Learn more at https://github.com/vitejs/vite-plugin-react/tree/main/packages/plugin-react-swc#consistent-components-exports
[2m1:57:32 PM[22m [36m[1m[vite][22m[39m [90m[2m(client)[22m[39m [32mhmr update [39m[2m/src/App.tsx[22m
[2m1:57:32 PM[22m [36m[1m[vite][22m[39m [90m[2m(client)[22m[39m [33mhmr invalidate [39m[2m/src/contexts/ReviewsContext.tsx[22m Could not Fast Refresh ("useReviews" export is incompatible). Learn more at https://github.com/vitejs/vite-plugin-react/tree/main/packages/plugin-react-swc#consistent-components-exports
[2m1:57:32 PM[22m [36m[1m[vite][22m[39m [90m[2m(client)[22m[39m [32mhmr update [39m[2m/src/App.tsx[22m
[2m1:57:32 PM[22m [36m[1m[vite][22m[39m [90m[2m(client)[22m[39m [33mhmr invalidate [39m[2m/src/contexts/FollowContext.tsx[22m Could not Fast Refresh ("useFollow" export is incompatible). Learn more at https://github.com/vitejs/vite-plugin-react/tree/main/packages/plugin-react-swc#consistent-components-exports
[2m1:57:32 PM[22m [36m[1m[vite][22m[39m [90m[2m(client)[22m[39m [32mhmr update [39m[2m/src/App.tsx[22m
[2m1:57:32 PM[22m [36m[1m[vite][22m[39m [90m[2m(client)[22m[39m [33mhmr invalidate [39m[2m/src/components/AiLearningPathLauncher.tsx[22m Could not Fast Refresh ("onAiLearningPathSaved" export is incompatible). Learn more at https://github.com/vitejs/vite-plugin-react/tree/main/packages/plugin-react-swc#consistent-components-exports
[2m1:57:32 PM[22m [36m[1m[vite][22m[39m [90m[2m(client)[22m[39m [32mhmr update [39m[2m/src/App.tsx, /src/components/HeroSection.tsx[22m
[2m1:57:32 PM[22m [36m[1m[vite][22m[39m [90m[2m(client)[22m[39m [33mhmr invalidate [39m[2m/src/contexts/ChatContext.tsx[22m Could not Fast Refresh ("useChat" export is incompatible). Learn more at https://github.com/vitejs/vite-plugin-react/tree/main/packages/plugin-react-swc#consistent-components-exports
[2m1:57:32 PM[22m [36m[1m[vite][22m[39m [90m[2m(client)[22m[39m [32mhmr update [39m[2m/src/App.tsx, /src/components/Header.tsx, /src/components/ChatWidget.tsx[22m
[2m1:57:39 PM[22m [36m[1m[vite][22m[39m [90m[2m(client)[22m[39m [32mhmr update [39m[2m/src/contexts/AuthContext.tsx, /src/contexts/CartContext.tsx, /src/contexts/NotificationContext.tsx, /src/components/auth/AuthModal.tsx, /src/components/AiLearningPathDialog.tsx[22m
[2m1:57:39 PM[22m [36m[1m[vite][22m[39m [90m[2m(client)[22m[39m [33mhmr invalidate [39m[2m/src/contexts/AuthContext.tsx[22m Could not Fast Refresh ("PERMISSIONS" export is incompatible). Learn more at https://github.com/vitejs/vite-plugin-react/tree/main/packages/plugin-react-swc#consistent-components-exports
[2m1:57:39 PM[22m [36m[1m[vite][22m[39m [90m[2m(client)[22m[39m [32mhmr update [39m[2m/src/App.tsx, /src/contexts/EnrollmentContext.tsx, /src/contexts/LearningProgressContext.tsx, /src/contexts/NotificationContext.tsx, /src/contexts/ReviewsContext.tsx, /src/contexts/FollowContext.tsx, /src/components/Header.tsx, /src/components/AiLearningPathLauncher.tsx, /src/components/BottomNav.tsx, /src/components/auth/AuthModal.tsx, /src/contexts/ChatContext.tsx, /src/components/ChatWidget.tsx, /src/components/community/CommunityLayout.tsx, /src/components/GlobalSearch.tsx, /src/components/NotificationSidebar.tsx, /src/components/GoogleLoginButton.tsx, /src/components/AiLearningPathDialog.tsx, /src/components/auth/RequireAuth.tsx, /src/features/home/DynamicHomeRenderer.tsx, /src/components/FeaturedCourses.tsx, /src/components/UserDashboardSidebar.tsx, /src/components/AdminHeader.tsx, /src/components/InstructorHeader.tsx, /src/components/DashboardSidebar.tsx, /src/components/HeroSection.tsx, /src/components/CourseCard.tsx[22m
[2m1:57:39 PM[22m [36m[1m[vite][22m[39m [90m[2m(client)[22m[39m [33mhmr invalidate [39m[2m/src/contexts/CartContext.tsx[22m Could not Fast Refresh ("useCart" export is incompatible). Learn more at https://github.com/vitejs/vite-plugin-react/tree/main/packages/plugin-react-swc#consistent-components-exports
[2m1:57:39 PM[22m [36m[1m[vite][22m[39m [90m[2m(client)[22m[39m [32mhmr update [39m[2m/src/App.tsx, /src/components/BottomNav.tsx, /src/components/CartSidebar.tsx, /src/components/AiLearningPathDialog.tsx, /src/components/CourseCard.tsx[22m
[2m1:57:39 PM[22m [36m[1m[vite][22m[39m [90m[2m(client)[22m[39m [33mhmr invalidate [39m[2m/src/contexts/NotificationContext.tsx[22m Could not Fast Refresh ("useNotifications" export is incompatible). Learn more at https://github.com/vitejs/vite-plugin-react/tree/main/packages/plugin-react-swc#consistent-components-exports
[2m1:57:39 PM[22m [36m[1m[vite][22m[39m [90m[2m(client)[22m[39m [32mhmr update [39m[2m/src/App.tsx, /src/components/NotificationSidebar.tsx, /src/components/InstructorHeader.tsx[22m
[2m1:57:40 PM[22m [36m[1m[vite][22m[39m [90m[2m(client)[22m[39m [33mhmr invalidate [39m[2m/src/contexts/EnrollmentContext.tsx[22m Could not Fast Refresh ("useEnrollment" export is incompatible). Learn more at https://github.com/vitejs/vite-plugin-react/tree/main/packages/plugin-react-swc#consistent-components-exports
[2m1:57:40 PM[22m [36m[1m[vite][22m[39m [90m[2m(client)[22m[39m [32mhmr update [39m[2m/src/App.tsx, /src/contexts/LearningProgressContext.tsx[22m
[2m1:57:40 PM[22m [36m[1m[vite][22m[39m [90m[2m(client)[22m[39m [33mhmr invalidate [39m[2m/src/contexts/LearningProgressContext.tsx[22m Could not Fast Refresh ("useLearningProgress" export is incompatible). Learn more at https://github.com/vitejs/vite-plugin-react/tree/main/packages/plugin-react-swc#consistent-components-exports
[2m1:57:40 PM[22m [36m[1m[vite][22m[39m [90m[2m(client)[22m[39m [32mhmr update [39m[2m/src/App.tsx[22m
[2m1:57:40 PM[22m [36m[1m[vite][22m[39m [90m[2m(client)[22m[39m [33mhmr invalidate [39m[2m/src/contexts/ReviewsContext.tsx[22m Could not Fast Refresh ("useReviews" export is incompatible). Learn more at https://github.com/vitejs/vite-plugin-react/tree/main/packages/plugin-react-swc#consistent-components-exports
[2m1:57:40 PM[22m [36m[1m[vite][22m[39m [90m[2m(client)[22m[39m [32mhmr update [39m[2m/src/App.tsx[22m
[2m1:57:40 PM[22m [36m[1m[vite][22m[39m [90m[2m(client)[22m[39m [33mhmr invalidate [39m[2m/src/contexts/FollowContext.tsx[22m Could not Fast Refresh ("useFollow" export is incompatible). Learn more at https://github.com/vitejs/vite-plugin-react/tree/main/packages/plugin-react-swc#consistent-components-exports
[2m1:57:40 PM[22m [36m[1m[vite][22m[39m [90m[2m(client)[22m[39m [32mhmr update [39m[2m/src/App.tsx[22m
[2m1:57:40 PM[22m [36m[1m[vite][22m[39m [90m[2m(client)[22m[39m [33mhmr invalidate [39m[2m/src/components/AiLearningPathLauncher.tsx[22m Could not Fast Refresh ("onAiLearningPathSaved" export is incompatible). Learn more at https://github.com/vitejs/vite-plugin-react/tree/main/packages/plugin-react-swc#consistent-components-exports
[2m1:57:40 PM[22m [36m[1m[vite][22m[39m [90m[2m(client)[22m[39m [32mhmr update [39m[2m/src/App.tsx, /src/components/HeroSection.tsx[22m
[2m1:57:40 PM[22m [36m[1m[vite][22m[39m [90m[2m(client)[22m[39m [33mhmr invalidate [39m[2m/src/contexts/ChatContext.tsx[22m Could not Fast Refresh ("useChat" export is incompatible). Learn more at https://github.com/vitejs/vite-plugin-react/tree/main/packages/plugin-react-swc#consistent-components-exports
[2m1:57:40 PM[22m [36m[1m[vite][22m[39m [90m[2m(client)[22m[39m [32mhmr update [39m[2m/src/App.tsx, /src/components/Header.tsx, /src/components/ChatWidget.tsx[22m
[2m1:58:44 PM[22m [36m[1m[vite][22m[39m [90m[2m(client)[22m[39m [32mhmr update [39m[2m/src/App.tsx, /src/contexts/CartContext.tsx[22m
[2m1:58:44 PM[22m [36m[1m[vite][22m[39m [90m[2m(client)[22m[39m [33mhmr invalidate [39m[2m/src/contexts/CartContext.tsx[22m Could not Fast Refresh ("useCart" export is incompatible). Learn more at https://github.com/vitejs/vite-plugin-react/tree/main/packages/plugin-react-swc#consistent-components-exports
[2m1:58:44 PM[22m [36m[1m[vite][22m[39m [90m[2m(client)[22m[39m [32mhmr update [39m[2m/src/App.tsx, /src/components/BottomNav.tsx, /src/components/CartSidebar.tsx, /src/components/AiLearningPathDialog.tsx, /src/components/CourseCard.tsx[22m
[2m1:58:46 PM[22m [36m[1m[vite][22m[39m [90m[2m(client)[22m[39m [32mhmr update [39m[2m/src/App.tsx, /src/contexts/CartContext.tsx[22m
[2m1:58:46 PM[22m [36m[1m[vite][22m[39m [90m[2m(client)[22m[39m [33mhmr invalidate [39m[2m/src/contexts/CartContext.tsx[22m Could not Fast Refresh ("useCart" export is incompatible). Learn more at https://github.com/vitejs/vite-plugin-react/tree/main/packages/plugin-react-swc#consistent-components-exports
[2m1:58:46 PM[22m [36m[1m[vite][22m[39m [90m[2m(client)[22m[39m [32mhmr update [39m[2m/src/App.tsx, /src/components/BottomNav.tsx, /src/components/CartSidebar.tsx, /src/components/AiLearningPathDialog.tsx, /src/components/CourseCard.tsx[22m
[2m2:01:49 PM[22m [36m[1m[vite][22m[39m [90m[2m(client)[22m[39m [32mhmr update [39m[2m/src/contexts/AuthContext.tsx, /src/contexts/CartContext.tsx, /src/contexts/NotificationContext.tsx, /src/components/auth/AuthModal.tsx, /src/components/AiLearningPathDialog.tsx[22m
[2m2:01:49 PM[22m [36m[1m[vite][22m[39m [90m[2m(client)[22m[39m [33mhmr invalidate [39m[2m/src/contexts/AuthContext.tsx[22m Could not Fast Refresh ("PERMISSIONS" export is incompatible). Learn more at https://github.com/vitejs/vite-plugin-react/tree/main/packages/plugin-react-swc#consistent-components-exports
[2m2:01:49 PM[22m [36m[1m[vite][22m[39m [90m[2m(client)[22m[39m [32mhmr update [39m[2m/src/App.tsx, /src/contexts/EnrollmentContext.tsx, /src/contexts/LearningProgressContext.tsx, /src/contexts/NotificationContext.tsx, /src/contexts/ReviewsContext.tsx, /src/contexts/FollowContext.tsx, /src/components/Header.tsx, /src/components/AiLearningPathLauncher.tsx, /src/components/BottomNav.tsx, /src/components/auth/AuthModal.tsx, /src/contexts/ChatContext.tsx, /src/components/ChatWidget.tsx, /src/components/community/CommunityLayout.tsx, /src/components/GlobalSearch.tsx, /src/components/NotificationSidebar.tsx, /src/components/GoogleLoginButton.tsx, /src/components/AiLearningPathDialog.tsx, /src/components/auth/RequireAuth.tsx, /src/features/home/DynamicHomeRenderer.tsx, /src/components/FeaturedCourses.tsx, /src/components/UserDashboardSidebar.tsx, /src/components/AdminHeader.tsx, /src/components/InstructorHeader.tsx, /src/components/DashboardSidebar.tsx, /src/components/HeroSection.tsx, /src/components/CourseCard.tsx[22m
[2m2:01:49 PM[22m [36m[1m[vite][22m[39m [90m[2m(client)[22m[39m [33mhmr invalidate [39m[2m/src/contexts/CartContext.tsx[22m Could not Fast Refresh ("useCart" export is incompatible). Learn more at https://github.com/vitejs/vite-plugin-react/tree/main/packages/plugin-react-swc#consistent-components-exports
[2m2:01:49 PM[22m [36m[1m[vite][22m[39m [90m[2m(client)[22m[39m [32mhmr update [39m[2m/src/App.tsx, /src/components/BottomNav.tsx, /src/components/CartSidebar.tsx, /src/components/AiLearningPathDialog.tsx, /src/components/CourseCard.tsx[22m
[2m2:01:49 PM[22m [36m[1m[vite][22m[39m [90m[2m(client)[22m[39m [33mhmr invalidate [39m[2m/src/contexts/NotificationContext.tsx[22m Could not Fast Refresh ("useNotifications" export is incompatible). Learn more at https://github.com/vitejs/vite-plugin-react/tree/main/packages/plugin-react-swc#consistent-components-exports
[2m2:01:49 PM[22m [36m[1m[vite][22m[39m [90m[2m(client)[22m[39m [32mhmr update [39m[2m/src/App.tsx, /src/components/NotificationSidebar.tsx, /src/components/InstructorHeader.tsx[22m
[2m2:01:50 PM[22m [36m[1m[vite][22m[39m [90m[2m(client)[22m[39m [33mhmr invalidate [39m[2m/src/contexts/EnrollmentContext.tsx[22m Could not Fast Refresh ("useEnrollment" export is incompatible). Learn more at https://github.com/vitejs/vite-plugin-react/tree/main/packages/plugin-react-swc#consistent-components-exports
[2m2:01:50 PM[22m [36m[1m[vite][22m[39m [90m[2m(client)[22m[39m [32mhmr update [39m[2m/src/App.tsx, /src/contexts/LearningProgressContext.tsx[22m
[2m2:01:50 PM[22m [36m[1m[vite][22m[39m [90m[2m(client)[22m[39m [33mhmr invalidate [39m[2m/src/contexts/LearningProgressContext.tsx[22m Could not Fast Refresh ("useLearningProgress" export is incompatible). Learn more at https://github.com/vitejs/vite-plugin-react/tree/main/packages/plugin-react-swc#consistent-components-exports
[2m2:01:50 PM[22m [36m[1m[vite][22m[39m [90m[2m(client)[22m[39m [32mhmr update [39m[2m/src/App.tsx[22m
[2m2:01:50 PM[22m [36m[1m[vite][22m[39m [90m[2m(client)[22m[39m [33mhmr invalidate [39m[2m/src/contexts/ReviewsContext.tsx[22m Could not Fast Refresh ("useReviews" export is incompatible). Learn more at https://github.com/vitejs/vite-plugin-react/tree/main/packages/plugin-react-swc#consistent-components-exports
[2m2:01:50 PM[22m [36m[1m[vite][22m[39m [90m[2m(client)[22m[39m [32mhmr update [39m[2m/src/App.tsx[22m
[2m2:01:50 PM[22m [36m[1m[vite][22m[39m [90m[2m(client)[22m[39m [33mhmr invalidate [39m[2m/src/contexts/FollowContext.tsx[22m Could not Fast Refresh ("useFollow" export is incompatible). Learn more at https://github.com/vitejs/vite-plugin-react/tree/main/packages/plugin-react-swc#consistent-components-exports
[2m2:01:50 PM[22m [36m[1m[vite][22m[39m [90m[2m(client)[22m[39m [32mhmr update [39m[2m/src/App.tsx[22m
[2m2:01:50 PM[22m [36m[1m[vite][22m[39m [90m[2m(client)[22m[39m [33mhmr invalidate [39m[2m/src/components/AiLearningPathLauncher.tsx[22m Could not Fast Refresh ("onAiLearningPathSaved" export is incompatible). Learn more at https://github.com/vitejs/vite-plugin-react/tree/main/packages/plugin-react-swc#consistent-components-exports
[2m2:01:50 PM[22m [36m[1m[vite][22m[39m [90m[2m(client)[22m[39m [32mhmr update [39m[2m/src/App.tsx, /src/components/HeroSection.tsx[22m
[2m2:01:50 PM[22m [36m[1m[vite][22m[39m [90m[2m(client)[22m[39m [33mhmr invalidate [39m[2m/src/contexts/ChatContext.tsx[22m Could not Fast Refresh ("useChat" export is incompatible). Learn more at https://github.com/vitejs/vite-plugin-react/tree/main/packages/plugin-react-swc#consistent-components-exports
[2m2:01:50 PM[22m [36m[1m[vite][22m[39m [90m[2m(client)[22m[39m [32mhmr update [39m[2m/src/App.tsx, /src/components/Header.tsx, /src/components/ChatWidget.tsx[22m
[2m2:09:37 PM[22m [36m[1m[vite][22m[39m [90m[2m(client)[22m[39m [32mhmr update [39m[2m/src/pages/public/SimpleHomePage.tsx[22m
[2m2:18:31 PM[22m [36m[1m[vite][22m[39m [90m[2m(client)[22m[39m [32mhmr update [39m[2m/src/pages/public/SimpleHomePage.tsx[22m
[2m2:24:15 PM[22m [36m[1m[vite][22m[39m [90m[2m(client)[22m[39m [32mhmr update [39m[2m/src/App.tsx[22m
[2m2:24:18 PM[22m [36m[1m[vite][22m[39m [90m[2m(client)[22m[39m [32mhmr update [39m[2m/src/components/Header.tsx[22m
[2m2:24:39 PM[22m [36m[1m[vite][22m[39m [90m[2m(client)[22m[39m [32mhmr update [39m[2m/src/App.tsx[22m
[2m2:24:40 PM[22m [36m[1m[vite][22m[39m [90m[2m(client)[22m[39m [32mhmr update [39m[2m/src/components/Header.tsx[22m
[2m2:24:43 PM[22m [36m[1m[vite][22m[39m [90m[2m(client)[22m[39m [32mhmr update [39m[2m/src/components/Header.tsx[22m
[2m2:24:44 PM[22m [36m[1m[vite][22m[39m [90m[2m(client)[22m[39m [32mhmr update [39m[2m/src/components/Header.tsx[22m
[2m2:52:53 PM[22m [36m[1m[vite][22m[39m [90m[2m(client)[22m[39m [32mhmr update [39m[2m/src/routes/public.routes.tsx[22m
[2m2:52:53 PM[22m [36m[1m[vite][22m[39m [90m[2m(client)[22m[39m [33mhmr invalidate [39m[2m/src/routes/public.routes.tsx[22m Could not Fast Refresh ("publicRoutes" export is incompatible). Learn more at https://github.com/vitejs/vite-plugin-react/tree/main/packages/plugin-react-swc#consistent-components-exports
[2m2:52:53 PM[22m [36m[1m[vite][22m[39m [90m[2m(client)[22m[39m [32mhmr update [39m[2m/src/routes/index.tsx[22m
[2m2:53:00 PM[22m [36m[1m[vite][22m[39m [90m[2m(client)[22m[39m [32mhmr update [39m[2m/src/routes/public.routes.tsx[22m
[2m2:53:00 PM[22m [36m[1m[vite][22m[39m [90m[2m(client)[22m[39m [33mhmr invalidate [39m[2m/src/routes/public.routes.tsx[22m Could not Fast Refresh ("publicRoutes" export is incompatible). Learn more at https://github.com/vitejs/vite-plugin-react/tree/main/packages/plugin-react-swc#consistent-components-exports
[2m2:53:00 PM[22m [36m[1m[vite][22m[39m [90m[2m(client)[22m[39m [32mhmr update [39m[2m/src/routes/index.tsx[22m
[2m2:53:14 PM[22m [36m[1m[vite][22m[39m [90m[2m(client)[22m[39m [32mhmr update [39m[2m/src/components/Footer.tsx[22m
[2m2:53:41 PM[22m [36m[1m[vite][22m[39m [90m[2m(client)[22m[39m [32mhmr update [39m[2m/src/App.tsx, /src/contexts/CartContext.tsx[22m
[2m2:53:42 PM[22m [36m[1m[vite][22m[39m [90m[2m(client)[22m[39m [33mhmr invalidate [39m[2m/src/contexts/CartContext.tsx[22m Could not Fast Refresh ("useCart" export is incompatible). Learn more at https://github.com/vitejs/vite-plugin-react/tree/main/packages/plugin-react-swc#consistent-components-exports
[2m2:53:42 PM[22m [36m[1m[vite][22m[39m [90m[2m(client)[22m[39m [32mhmr update [39m[2m/src/App.tsx, /src/components/BottomNav.tsx, /src/components/CartSidebar.tsx, /src/components/AiLearningPathDialog.tsx, /src/components/CourseCard.tsx[22m
[2m2:53:52 PM[22m [36m[1m[vite][22m[39m [90m[2m(client)[22m[39m [32mhmr update [39m[2m/src/App.tsx, /src/contexts/CartContext.tsx[22m
[2m2:53:52 PM[22m [36m[1m[vite][22m[39m [90m[2m(client)[22m[39m [33mhmr invalidate [39m[2m/src/contexts/CartContext.tsx[22m Could not Fast Refresh ("useCart" export is incompatible). Learn more at https://github.com/vitejs/vite-plugin-react/tree/main/packages/plugin-react-swc#consistent-components-exports
[2m2:53:52 PM[22m [36m[1m[vite][22m[39m [90m[2m(client)[22m[39m [32mhmr update [39m[2m/src/App.tsx, /src/components/BottomNav.tsx, /src/components/CartSidebar.tsx, /src/components/AiLearningPathDialog.tsx, /src/components/CourseCard.tsx[22m
[2m2:54:06 PM[22m [36m[1m[vite][22m[39m [90m[2m(client)[22m[39m [32mhmr update [39m[2m/src/App.tsx, /src/contexts/CartContext.tsx[22m
[2m2:54:06 PM[22m [36m[1m[vite][22m[39m [90m[2m(client)[22m[39m [33mhmr invalidate [39m[2m/src/contexts/CartContext.tsx[22m Could not Fast Refresh ("useCart" export is incompatible). Learn more at https://github.com/vitejs/vite-plugin-react/tree/main/packages/plugin-react-swc#consistent-components-exports
[2m2:54:06 PM[22m [36m[1m[vite][22m[39m [90m[2m(client)[22m[39m [32mhmr update [39m[2m/src/App.tsx, /src/components/BottomNav.tsx, /src/components/CartSidebar.tsx, /src/components/AiLearningPathDialog.tsx, /src/components/CourseCard.tsx[22m
[2m2:54:28 PM[22m [36m[1m[vite][22m[39m [90m[2m(client)[22m[39m [32mhmr update [39m[2m/src/App.tsx, /src/contexts/CartContext.tsx[22m
[2m2:54:28 PM[22m [36m[1m[vite][22m[39m [90m[2m(client)[22m[39m [33mhmr invalidate [39m[2m/src/contexts/CartContext.tsx[22m Could not Fast Refresh ("useCart" export is incompatible). Learn more at https://github.com/vitejs/vite-plugin-react/tree/main/packages/plugin-react-swc#consistent-components-exports
[2m2:54:28 PM[22m [36m[1m[vite][22m[39m [90m[2m(client)[22m[39m [32mhmr update [39m[2m/src/App.tsx, /src/components/BottomNav.tsx, /src/components/CartSidebar.tsx, /src/components/AiLearningPathDialog.tsx, /src/components/CourseCard.tsx[22m
[2m2:54:45 PM[22m [36m[1m[vite][22m[39m [90m[2m(client)[22m[39m [32mhmr update [39m[2m/src/App.tsx, /src/contexts/CartContext.tsx[22m
[2m2:54:45 PM[22m [36m[1m[vite][22m[39m [90m[2m(client)[22m[39m [33mhmr invalidate [39m[2m/src/contexts/CartContext.tsx[22m Could not Fast Refresh ("useCart" export is incompatible). Learn more at https://github.com/vitejs/vite-plugin-react/tree/main/packages/plugin-react-swc#consistent-components-exports
[2m2:54:45 PM[22m [36m[1m[vite][22m[39m [90m[2m(client)[22m[39m [32mhmr update [39m[2m/src/App.tsx, /src/components/BottomNav.tsx, /src/components/CartSidebar.tsx, /src/components/AiLearningPathDialog.tsx, /src/components/CourseCard.tsx[22m
[2m2:54:54 PM[22m [36m[1m[vite][22m[39m [90m[2m(client)[22m[39m [32mhmr update [39m[2m/src/App.tsx, /src/contexts/CartContext.tsx[22m
[2m2:54:54 PM[22m [36m[1m[vite][22m[39m [90m[2m(client)[22m[39m [33mhmr invalidate [39m[2m/src/contexts/CartContext.tsx[22m Could not Fast Refresh ("useCart" export is incompatible). Learn more at https://github.com/vitejs/vite-plugin-react/tree/main/packages/plugin-react-swc#consistent-components-exports
[2m2:54:54 PM[22m [36m[1m[vite][22m[39m [90m[2m(client)[22m[39m [32mhmr update [39m[2m/src/App.tsx, /src/components/BottomNav.tsx, /src/components/CartSidebar.tsx, /src/components/AiLearningPathDialog.tsx, /src/components/CourseCard.tsx[22m
